s1: TGC..GCGCCATCACGTTCTT..CCTGAGAACGTTTTATGATGGCCCACA.TGGACAGTTG.GATA..G.CG..T.AACAGC.C.TCCCCGGCG
s2: TGCAAGTGCCTTCACGT.CGAGACCTCACAAAAAAGTGGG.TGTCCGA.ACTGG.C.GCTGAGACACTGACGGATGAAGAGCTCATCAC.GGCG
Alignment score: 157