s1: .T.GC.GCGC.CA..TCAC..GTTCTTCC.TGA..G.AACGTT..TT.ATGAT.G.G.CC.CACATGGACAGTTGGATAG.C.GTAACAG.C.CTCC..C.CGG.CG..TGT.G..CTCTTCAAGTGTTCTT
s2: CTTGAAG.GCTCAGATCACACGTG.TTAGATAAATGCAA.GTGCCTTCACG.TCGAGACCTCACAAAAA.AGTGGG.T.GTCCG.AACTGGCGCTGAGACACTGACGGATGAAGAGCTCATCACG.G..CG.
Alignment score: 131