s1: AAAAGTCCGTAAAA
s2: CCCCGTCCGTCCC.
s3: GGG.GTCCGTGGGG
Alignment score: 34